[1001/111953.383:WARNING:used_ids.h(55)] Duplicate id found. Reassigning from 104 to 127
[1001/111953.383:WARNING:used_ids.h(55)] Duplicate id found. Reassigning from 102 to 125
[1001/111953.383:WARNING:used_ids.h(55)] Duplicate id found. Reassigning from 104 to 124
[1001/111953.383:WARNING:used_ids.h(55)] Duplicate id found. Reassigning from 106 to 123
[1001/111953.385:WARNING:used_ids.h(55)] Duplicate id found. Reassigning from 110 to 122
[1001/111953.385:WARNING:used_ids.h(55)] Duplicate id found. Reassigning from 103 to 121
[1001/111953.385:WARNING:used_ids.h(55)] Duplicate id found. Reassigning from 105 to 120
[1001/111953.385:WARNING:used_ids.h(55)] Duplicate id found. Reassigning from 111 to 119
[1001/111953.385:WARNING:used_ids.h(55)] Duplicate id found. Reassigning from 1 to 14
[1001/111953.385:WARNING:used_ids.h(55)] Duplicate id found. Reassigning from 3 to 13
[1001/111953.385:WARNING:used_ids.h(55)] Duplicate id found. Reassigning from 5 to 12
[1001/111953.385:WARNING:used_ids.h(55)] Duplicate id found. Reassigning from 6 to 11
[1001/111953.387:ERROR:audio_rtp_receiver.cc(88)] AudioRtpReceiver::OnSetVolume: No audio channel exists.
[1001/111955.045:WARNING:used_ids.h(55)] Duplicate id found. Reassigning from 104 to 127
[1001/111955.045:WARNING:used_ids.h(55)] Duplicate id found. Reassigning from 102 to 125
[1001/111955.045:WARNING:used_ids.h(55)] Duplicate id found. Reassigning from 104 to 124
[1001/111955.045:WARNING:used_ids.h(55)] Duplicate id found. Reassigning from 106 to 123
[1001/111955.045:WARNING:used_ids.h(55)] Duplicate id found. Reassigning from 110 to 122
[1001/111955.045:WARNING:used_ids.h(55)] Duplicate id found. Reassigning from 103 to 121
[1001/111955.045:WARNING:used_ids.h(55)] Duplicate id found. Reassigning from 105 to 120
[1001/111955.045:WARNING:used_ids.h(55)] Duplicate id found. Reassigning from 111 to 119
[1001/111955.045:WARNING:used_ids.h(55)] Duplicate id found. Reassigning from 1 to 14
[1001/111955.045:WARNING:used_ids.h(55)] Duplicate id found. Reassigning from 3 to 13
[1001/111955.045:WARNING:used_ids.h(55)] Duplicate id found. Reassigning from 5 to 12
[1001/111955.045:WARNING:used_ids.h(55)] Duplicate id found. Reassigning from 6 to 11
[1001/111955.045:ERROR:audio_rtp_receiver.cc(88)] AudioRtpReceiver::OnSetVolume: No audio channel exists.
[1001/112013.125:ERROR:shared_image_manager.cc(214)] SharedImageManager::ProduceSkia: Trying to Produce a Skia representation from a non-existent mailbox.
[1001/112120.586:WARNING:angle_platform_impl.cc(48)] HLSLCompiler.cpp:257 (compileToBinary): 
C:\fakepath(102,1-6): warning X4000: use of potentially uninitialized variable (dyn_index_vec4_float4)

[1001/112120.752:WARNING:angle_platform_impl.cc(48)] HLSLCompiler.cpp:257 (compileToBinary): 
C:\fakepath(135,1): warning X4000: use of potentially uninitialized variable (f_i)
C:\fakepath(137,1): warning X4000: use of potentially uninitialized variable (f_i)
C:\fakepath(173,1): warning X4000: use of potentially uninitialized variable (f_u)

[1001/112121.421:WARNING:angle_platform_impl.cc(48)] HLSLCompiler.cpp:257 (compileToBinary): 
C:\fakepath(165,1): warning X4000: use of potentially uninitialized variable (f_renderMipMapLevel)

[1001/112121.501:WARNING:angle_platform_impl.cc(48)] HLSLCompiler.cpp:257 (compileToBinary): 
C:\fakepath(294,1): warning X4000: use of potentially uninitialized variable (f_computeTaa)

[1001/112121.959:WARNING:spdy_session.cc(3431)] Received HEADERS for invalid stream 75
[1001/112121.975:WARNING:spdy_session.cc(3431)] Received HEADERS for invalid stream 89
[1001/112152.521:ERROR:gpu_init.cc(426)] Passthrough is not supported, GL is disabled
